../Core/Inc/bno055_stm32.h:19:6:bno055_assignI2C	16	static
../Core/Inc/bno055_stm32.h:23:6:bno055_delay	16	static
../Core/Inc/bno055_stm32.h:31:6:bno055_writeData	40	static
../Core/Inc/bno055_stm32.h:95:6:bno055_readData	24	static
../Core/Src/main.c:172:5:main	80	static
../Core/Src/main.c:366:6:SystemClock_Config	88	static
../Core/Src/main.c:413:13:MX_ADC1_Init	24	static
../Core/Src/main.c:465:13:MX_I2C1_Init	8	static
../Core/Src/main.c:499:13:MX_TIM1_Init	96	static
../Core/Src/main.c:574:13:MX_TIM2_Init	56	static
../Core/Src/main.c:623:13:MX_TIM10_Init	40	static
../Core/Src/main.c:669:13:MX_TIM11_Init	8	static
../Core/Src/main.c:700:13:MX_USART2_UART_Init	8	static
../Core/Src/main.c:733:13:MX_USART6_UART_Init	8	static
../Core/Src/main.c:764:13:MX_DMA_Init	16	static
../Core/Src/main.c:782:13:MX_GPIO_Init	48	static
../Core/Src/main.c:842:6:HAL_TIM_PeriodElapsedCallback	16	static
../Core/Src/main.c:861:5:__io_putchar	16	static
../Core/Src/main.c:869:6:HAL_GPIO_EXTI_Callback	16	static
../Core/Src/main.c:883:6:HAL_UARTEx_RxEventCallback	48	dynamic
../Core/Src/main.c:909:6:TransmitTelemetry	296	static
../Core/Src/main.c:941:6:resetBNO055	8	static
../Core/Src/main.c:954:6:Error_Handler	4	static,ignoring_inline_asm
